// Vitest Snapshot v1, https://vitest.dev/guide/snapshot.html

exports[`InlineTextEditCopy > should render correctly 1`] = `
"<div data-v-e54e5004="" class="inline-text-edit" dir="ltr" data-dismissable-layer="">
  <div data-v-e54e5004="" data-placeholder-shown="" style="display: inline-grid;" class="editable-area"><span data-v-e54e5004="" tabindex="0" data-placeholder-shown="" style="white-space: pre; user-select: none; grid-area: 1 / 1 / auto / auto; overflow: hidden; text-overflow: ellipsis;" class="inline-rename-preview" data-test-id="inline-edit-preview">Test Value</span><input data-v-e54e5004="" placeholder="Enter text..." maxlength="100" aria-label="editable input" style="all: unset; grid-area: 1 / 1 / auto / auto; visibility: hidden;" class="inline-rename-input" data-test-id="inline-edit-input" value="Test Value"></div>
  <!---->
</div>"
`;
